EN ifidregisters NULL C:/Users/nuonuo/Desktop/3weeks_in/3weeks/the_cpu/IfIdRegisters.vhd sub00/vhpl30 1512059051
AR ifidregisters behavioral C:/Users/nuonuo/Desktop/3weeks_in/3weeks/the_cpu/IfIdRegisters.vhd sub00/vhpl31 1512059052
EN clock NULL C:/Users/nuonuo/Desktop/3weeks_in/3weeks/the_cpu/clock.vhd sub00/vhpl48 1512059085
AR memwritedatamux behavioral C:/Users/nuonuo/Desktop/3weeks_in/3weeks/the_cpu/MemWriteDataMux.vhd sub00/vhpl37 1512059058
AR pcregister behavioral C:/Users/nuonuo/Desktop/3weeks_in/3weeks/the_cpu/PCRegister.vhd sub00/vhpl45 1512059066
EN forwarding_unit NULL C:/Users/nuonuo/Desktop/3weeks_in/3weeks/the_cpu/Forwarding_unit.vhd sub00/vhpl24 1512059045
AR forwarding_unit behavioral C:/Users/nuonuo/Desktop/3weeks_in/3weeks/the_cpu/Forwarding_unit.vhd sub00/vhpl25 1512059046
EN idexeregisters NULL C:/Users/nuonuo/Desktop/3weeks_in/3weeks/the_cpu/IdExeRegisters.vhd sub00/vhpl28 1512059049
EN pcincrementer NULL C:/Users/nuonuo/Desktop/3weeks_in/3weeks/the_cpu/PCIncrementer.vhd sub00/vhpl40 1512059061
EN exememregisters NULL C:/Users/nuonuo/Desktop/3weeks_in/3weeks/the_cpu/ExeMemRegisters.vhd sub00/vhpl22 1512059043
AR hazarddetectionunit behavioral C:/Users/nuonuo/Desktop/3weeks_in/3weeks/the_cpu/HazardDetectionUnit.vhd sub00/vhpl27 1512059048
AR readdstmux behavioral C:/Users/nuonuo/Desktop/3weeks_in/3weeks/the_cpu/ReadDstMUX.vhd sub00/vhpl15 1512059072
AR pcmux behavioral C:/Users/nuonuo/Desktop/3weeks_in/3weeks/the_cpu/PCMux.vhd sub00/vhpl43 1512059064
AR memory_unit behavioral C:/Users/nuonuo/Desktop/3weeks_in/3weeks/the_cpu/Memory_unit.vhd sub00/vhpl17 1512059070
AR clock behavioral C:/Users/nuonuo/Desktop/3weeks_in/3weeks/the_cpu/clock.vhd sub00/vhpl49 1512059086
AR registers behavioral C:/Users/nuonuo/Desktop/3weeks_in/3weeks/the_cpu/Register.vhd sub00/vhpl09 1512059076
EN cpu NULL C:/Users/nuonuo/Desktop/3weeks_in/3weeks/the_cpu/cpu.vhd sub00/vhpl00 1512059087
EN memwbregisters NULL C:/Users/nuonuo/Desktop/3weeks_in/3weeks/the_cpu/MemWbRegisters.vhd sub00/vhpl34 1512059055
EN memory_unit NULL C:/Users/nuonuo/Desktop/3weeks_in/3weeks/the_cpu/Memory_unit.vhd sub00/vhpl16 1512059069
AR exememregisters behavioral C:/Users/nuonuo/Desktop/3weeks_in/3weeks/the_cpu/ExeMemRegisters.vhd sub00/vhpl23 1512059044
EN readreg2mux NULL C:/Users/nuonuo/Desktop/3weeks_in/3weeks/the_cpu/ReadReg2MUX.vhd sub00/vhpl12 1512059083
AR cpu behavioral C:/Users/nuonuo/Desktop/3weeks_in/3weeks/the_cpu/cpu.vhd sub00/vhpl01 1512059088
EN imme_unit NULL C:/Users/nuonuo/Desktop/3weeks_in/3weeks/the_cpu/imme_unit.vhd sub00/vhpl06 1512059077
EN hazarddetectionunit NULL C:/Users/nuonuo/Desktop/3weeks_in/3weeks/the_cpu/HazardDetectionUnit.vhd sub00/vhpl26 1512059047
EN structconflictunit NULL C:/Users/nuonuo/Desktop/3weeks_in/3weeks/the_cpu/StructConflictUnit.vhd sub00/vhpl46 1512059067
AR alumuxa behavioral C:/Users/nuonuo/Desktop/3weeks_in/3weeks/the_cpu/ALUMuxA.vhd sub00/vhpl19 1512059040
AR mfpcmux behavioral C:/Users/nuonuo/Desktop/3weeks_in/3weeks/the_cpu/MFPCMux.vhd sub00/vhpl33 1512059054
EN pcmux NULL C:/Users/nuonuo/Desktop/3weeks_in/3weeks/the_cpu/PCMux.vhd sub00/vhpl42 1512059063
AR readreg1mux behavioral C:/Users/nuonuo/Desktop/3weeks_in/3weeks/the_cpu/ReadReg1MUX.vhd sub00/vhpl11 1512059082
EN mfpcmux NULL C:/Users/nuonuo/Desktop/3weeks_in/3weeks/the_cpu/MFPCMux.vhd sub00/vhpl32 1512059053
AR structconflictunit behavioral C:/Users/nuonuo/Desktop/3weeks_in/3weeks/the_cpu/StructConflictUnit.vhd sub00/vhpl47 1512059068
AR imme_unit behavioral C:/Users/nuonuo/Desktop/3weeks_in/3weeks/the_cpu/imme_unit.vhd sub00/vhpl07 1512059078
EN readreg1mux NULL C:/Users/nuonuo/Desktop/3weeks_in/3weeks/the_cpu/ReadReg1MUX.vhd sub00/vhpl10 1512059081
EN pcregister NULL C:/Users/nuonuo/Desktop/3weeks_in/3weeks/the_cpu/PCRegister.vhd sub00/vhpl44 1512059065
AR alu behavioral C:/Users/nuonuo/Desktop/3weeks_in/3weeks/the_cpu/ALU.vhd sub00/vhpl03 1512059080
AR idexeregisters behavioral C:/Users/nuonuo/Desktop/3weeks_in/3weeks/the_cpu/IdExeRegisters.vhd sub00/vhpl29 1512059050
AR pcincrementer behavioral C:/Users/nuonuo/Desktop/3weeks_in/3weeks/the_cpu/PCIncrementer.vhd sub00/vhpl41 1512059062
EN controller NULL C:/Users/nuonuo/Desktop/3weeks_in/3weeks/the_cpu/controller.vhd sub00/vhpl04 1512059073
EN memwritedatamux NULL C:/Users/nuonuo/Desktop/3weeks_in/3weeks/the_cpu/MemWriteDataMux.vhd sub00/vhpl36 1512059057
AR readreg2mux behavioral C:/Users/nuonuo/Desktop/3weeks_in/3weeks/the_cpu/ReadReg2MUX.vhd sub00/vhpl13 1512059084
AR memwbregisters behavioral C:/Users/nuonuo/Desktop/3weeks_in/3weeks/the_cpu/MemWbRegisters.vhd sub00/vhpl35 1512059056
EN readdstmux NULL C:/Users/nuonuo/Desktop/3weeks_in/3weeks/the_cpu/ReadDstMUX.vhd sub00/vhpl14 1512059071
AR pcbrancheradder behavioral C:/Users/nuonuo/Desktop/3weeks_in/3weeks/the_cpu/PCBrancherAdder.vhd sub00/vhpl39 1512059060
AR controller behavioral C:/Users/nuonuo/Desktop/3weeks_in/3weeks/the_cpu/controller.vhd sub00/vhpl05 1512059074
EN alumuxa NULL C:/Users/nuonuo/Desktop/3weeks_in/3weeks/the_cpu/ALUMuxA.vhd sub00/vhpl18 1512059039
EN alumuxb NULL C:/Users/nuonuo/Desktop/3weeks_in/3weeks/the_cpu/ALUMuxB.vhd sub00/vhpl20 1512059041
EN registers NULL C:/Users/nuonuo/Desktop/3weeks_in/3weeks/the_cpu/Register.vhd sub00/vhpl08 1512059075
EN alu NULL C:/Users/nuonuo/Desktop/3weeks_in/3weeks/the_cpu/ALU.vhd sub00/vhpl02 1512059079
EN pcbrancheradder NULL C:/Users/nuonuo/Desktop/3weeks_in/3weeks/the_cpu/PCBrancherAdder.vhd sub00/vhpl38 1512059059
AR alumuxb behavioral C:/Users/nuonuo/Desktop/3weeks_in/3weeks/the_cpu/ALUMuxB.vhd sub00/vhpl21 1512059042
