V3 100
FL C:/Users/nuonuo/Desktop/3weeks_in/3weeks/the_cpu/ALU.vhd 2017/11/27.14:25:42 P.20131013
EN work/ALU 1511971819 \
      FL C:/Users/nuonuo/Desktop/3weeks_in/3weeks/the_cpu/ALU.vhd \
      PB ieee/std_logic_1164 1381692176 PB ieee/STD_LOGIC_UNSIGNED 1381692179 \
      PB ieee/std_logic_arith 1381692177
AR work/ALU/Behavioral 1511971820 \
      FL C:/Users/nuonuo/Desktop/3weeks_in/3weeks/the_cpu/ALU.vhd EN work/ALU 1511971819
FL C:/Users/nuonuo/Desktop/3weeks_in/3weeks/the_cpu/ALUMuxA.vhd 2017/11/30.10:07:57 P.20131013
EN work/ALUMuxA 1512027212 \
      FL C:/Users/nuonuo/Desktop/3weeks_in/3weeks/the_cpu/ALUMuxA.vhd \
      PB ieee/std_logic_1164 1381692176
AR work/ALUMuxA/Behavioral 1512027213 \
      FL C:/Users/nuonuo/Desktop/3weeks_in/3weeks/the_cpu/ALUMuxA.vhd \
      EN work/ALUMuxA 1512027212
EN work/ALUMuxB 0 FL C:/Users/nuonuo/Desktop/3weeks_in/3weeks/the_cpu/ALUMuxB.vhd \
      PB ieee/std_logic_1164 1381692176
AR work/ALUMuxB/Behavioral 0 \
      FL C:/Users/nuonuo/Desktop/3weeks_in/3weeks/the_cpu/ALUMuxB.vhd \
      EN work/ALUMuxB 0
FL C:/Users/nuonuo/Desktop/3weeks_in/3weeks/the_cpu/controller.vhd 2017/11/30.10:34:00 P.20131013
EN work/Controller 1512009243 \
      FL C:/Users/nuonuo/Desktop/3weeks_in/3weeks/the_cpu/controller.vhd \
      PB ieee/std_logic_1164 1381692176
AR work/Controller/Behavioral 1512009244 \
      FL C:/Users/nuonuo/Desktop/3weeks_in/3weeks/the_cpu/controller.vhd \
      EN work/Controller 1512009243
FL C:/Users/nuonuo/Desktop/3weeks_in/3weeks/the_cpu/cpu.vhd 2017/11/27.15:00:46 P.20131013
EN work/cpu 1511965276 \
      FL C:/Users/nuonuo/Desktop/3weeks_in/3weeks/the_cpu/cpu.vhd \
      PB ieee/std_logic_1164 1381692176
AR work/cpu/Behavioral 1511965277 \
      FL C:/Users/nuonuo/Desktop/3weeks_in/3weeks/the_cpu/cpu.vhd EN work/cpu 1511965276 \
      CP ALUMuxA CP ALUMuxB CP ExeMemRegisters CP Forwarding_unit \
      CP HazardDetectionUnit CP IdExeRegisters CP IfIdRegisters CP MFPCMux \
      CP MemWbRegisters CP MemWriteDataMux CP PCBrancherAdder CP PCIncrementer \
      CP PCMux CP PCRegister CP StructConflictUnit CP Memory_unit CP ReadDstMUX \
      CP Controller CP Registers CP imme_unit CP ALU CP ReadReg1MUX CP ReadReg2MUX
EN work/ExeMemRegisters 0 \
      FL C:/Users/nuonuo/Desktop/3weeks_in/3weeks/the_cpu/ExeMemRegisters.vhd \
      PB ieee/std_logic_1164 1381692176
AR work/ExeMemRegisters/Behavioral 0 \
      FL C:/Users/nuonuo/Desktop/3weeks_in/3weeks/the_cpu/ExeMemRegisters.vhd \
      EN work/ExeMemRegisters 0
EN work/Forwarding_unit 0 \
      FL C:/Users/nuonuo/Desktop/3weeks_in/3weeks/the_cpu/Forwarding_unit.vhd \
      PB ieee/std_logic_1164 1381692176
AR work/Forwarding_unit/Behavioral 0 \
      FL C:/Users/nuonuo/Desktop/3weeks_in/3weeks/the_cpu/Forwarding_unit.vhd \
      EN work/Forwarding_unit 0
EN work/HazardDetectionUnit 0 \
      FL C:/Users/nuonuo/Desktop/3weeks_in/3weeks/the_cpu/HazardDetectionUnit.vhd \
      PB ieee/std_logic_1164 1381692176
AR work/HazardDetectionUnit/Behavioral 0 \
      FL C:/Users/nuonuo/Desktop/3weeks_in/3weeks/the_cpu/HazardDetectionUnit.vhd \
      EN work/HazardDetectionUnit 0
EN work/IdExeRegisters 0 \
      FL C:/Users/nuonuo/Desktop/3weeks_in/3weeks/the_cpu/IdExeRegisters.vhd \
      PB ieee/std_logic_1164 1381692176
AR work/IdExeRegisters/Behavioral 0 \
      FL C:/Users/nuonuo/Desktop/3weeks_in/3weeks/the_cpu/IdExeRegisters.vhd \
      EN work/IdExeRegisters 0
EN work/IfIdRegisters 0 \
      FL C:/Users/nuonuo/Desktop/3weeks_in/3weeks/the_cpu/IfIdRegisters.vhd \
      PB ieee/std_logic_1164 1381692176
AR work/IfIdRegisters/Behavioral 0 \
      FL C:/Users/nuonuo/Desktop/3weeks_in/3weeks/the_cpu/IfIdRegisters.vhd \
      EN work/IfIdRegisters 0
FL C:/Users/nuonuo/Desktop/3weeks_in/3weeks/the_cpu/imme_unit.vhd 2017/11/27.14:28:17 P.20131013
EN work/imme_unit 1511971817 \
      FL C:/Users/nuonuo/Desktop/3weeks_in/3weeks/the_cpu/imme_unit.vhd \
      PB ieee/std_logic_1164 1381692176
AR work/imme_unit/Behavioral 1511971818 \
      FL C:/Users/nuonuo/Desktop/3weeks_in/3weeks/the_cpu/imme_unit.vhd \
      EN work/imme_unit 1511971817
FL C:/Users/nuonuo/Desktop/3weeks_in/3weeks/the_cpu/Memory_unit.vhd 2017/11/30.00:09:30 P.20131013
EN work/Memory_unit 1511971809 \
      FL C:/Users/nuonuo/Desktop/3weeks_in/3weeks/the_cpu/Memory_unit.vhd \
      PB ieee/std_logic_1164 1381692176 PB ieee/std_logic_arith 1381692177 \
      PB ieee/STD_LOGIC_UNSIGNED 1381692179
AR work/Memory_unit/Behavioral 1511971810 \
      FL C:/Users/nuonuo/Desktop/3weeks_in/3weeks/the_cpu/Memory_unit.vhd \
      EN work/Memory_unit 1511971809
EN work/MemWbRegisters 0 \
      FL C:/Users/nuonuo/Desktop/3weeks_in/3weeks/the_cpu/MemWbRegisters.vhd \
      PB ieee/std_logic_1164 1381692176
AR work/MemWbRegisters/Behavioral 0 \
      FL C:/Users/nuonuo/Desktop/3weeks_in/3weeks/the_cpu/MemWbRegisters.vhd \
      EN work/MemWbRegisters 0
EN work/MemWriteDataMux 0 \
      FL C:/Users/nuonuo/Desktop/3weeks_in/3weeks/the_cpu/MemWriteDataMux.vhd \
      PB ieee/std_logic_1164 1381692176
AR work/MemWriteDataMux/Behavioral 0 \
      FL C:/Users/nuonuo/Desktop/3weeks_in/3weeks/the_cpu/MemWriteDataMux.vhd \
      EN work/MemWriteDataMux 0
EN work/MFPCMux 0 FL C:/Users/nuonuo/Desktop/3weeks_in/3weeks/the_cpu/MFPCMux.vhd \
      PB ieee/std_logic_1164 1381692176
AR work/MFPCMux/Behavioral 0 \
      FL C:/Users/nuonuo/Desktop/3weeks_in/3weeks/the_cpu/MFPCMux.vhd \
      EN work/MFPCMux 0
EN work/PCBrancherAdder 0 \
      FL C:/Users/nuonuo/Desktop/3weeks_in/3weeks/the_cpu/PCBrancherAdder.vhd \
      PB ieee/std_logic_1164 1381692176
AR work/PCBrancherAdder/Behavioral 0 \
      FL C:/Users/nuonuo/Desktop/3weeks_in/3weeks/the_cpu/PCBrancherAdder.vhd \
      EN work/PCBrancherAdder 0
EN work/PCIncrementer 0 \
      FL C:/Users/nuonuo/Desktop/3weeks_in/3weeks/the_cpu/PCIncrementer.vhd \
      PB ieee/std_logic_1164 1381692176
AR work/PCIncrementer/Behavioral 0 \
      FL C:/Users/nuonuo/Desktop/3weeks_in/3weeks/the_cpu/PCIncrementer.vhd \
      EN work/PCIncrementer 0
EN work/PCMux 0 FL C:/Users/nuonuo/Desktop/3weeks_in/3weeks/the_cpu/PCMux.vhd \
      PB ieee/std_logic_1164 1381692176
AR work/PCMux/Behavioral 0 \
      FL C:/Users/nuonuo/Desktop/3weeks_in/3weeks/the_cpu/PCMux.vhd EN work/PCMux 0
EN work/PCRegister 0 \
      FL C:/Users/nuonuo/Desktop/3weeks_in/3weeks/the_cpu/PCRegister.vhd \
      PB ieee/std_logic_1164 1381692176
AR work/PCRegister/Behavioral 0 \
      FL C:/Users/nuonuo/Desktop/3weeks_in/3weeks/the_cpu/PCRegister.vhd \
      EN work/PCRegister 0
FL C:/Users/nuonuo/Desktop/3weeks_in/3weeks/the_cpu/ReadDstMUX.vhd 2017/11/29.20:13:57 P.20131013
EN work/ReadDstMUX 1511971811 \
      FL C:/Users/nuonuo/Desktop/3weeks_in/3weeks/the_cpu/ReadDstMUX.vhd \
      PB ieee/std_logic_1164 1381692176
AR work/ReadDstMUX/Behavioral 1511971812 \
      FL C:/Users/nuonuo/Desktop/3weeks_in/3weeks/the_cpu/ReadDstMUX.vhd \
      EN work/ReadDstMUX 1511971811
FL C:/Users/nuonuo/Desktop/3weeks_in/3weeks/the_cpu/ReadReg1MUX.vhd 2017/11/27.16:57:17 P.20131013
EN work/ReadReg1MUX 1511971821 \
      FL C:/Users/nuonuo/Desktop/3weeks_in/3weeks/the_cpu/ReadReg1MUX.vhd \
      PB ieee/std_logic_1164 1381692176
AR work/ReadReg1MUX/Behavioral 1511971822 \
      FL C:/Users/nuonuo/Desktop/3weeks_in/3weeks/the_cpu/ReadReg1MUX.vhd \
      EN work/ReadReg1MUX 1511971821
FL C:/Users/nuonuo/Desktop/3weeks_in/3weeks/the_cpu/ReadReg2MUX.vhd 2017/11/29.23:41:29 P.20131013
EN work/ReadReg2MUX 1511971823 \
      FL C:/Users/nuonuo/Desktop/3weeks_in/3weeks/the_cpu/ReadReg2MUX.vhd \
      PB ieee/std_logic_1164 1381692176
AR work/ReadReg2MUX/Behavioral 1511971824 \
      FL C:/Users/nuonuo/Desktop/3weeks_in/3weeks/the_cpu/ReadReg2MUX.vhd \
      EN work/ReadReg2MUX 1511971823
FL C:/Users/nuonuo/Desktop/3weeks_in/3weeks/the_cpu/Register.vhd 2017/11/29.20:17:01 P.20131013
EN work/Registers 1511971815 \
      FL C:/Users/nuonuo/Desktop/3weeks_in/3weeks/the_cpu/Register.vhd \
      PB ieee/std_logic_1164 1381692176
AR work/Registers/Behavioral 1511971816 \
      FL C:/Users/nuonuo/Desktop/3weeks_in/3weeks/the_cpu/Register.vhd \
      EN work/Registers 1511971815
EN work/StructConflictUnit 0 \
      FL C:/Users/nuonuo/Desktop/3weeks_in/3weeks/the_cpu/StructConflictUnit.vhd \
      PB ieee/std_logic_1164 1381692176
AR work/StructConflictUnit/Behavioral 0 \
      FL C:/Users/nuonuo/Desktop/3weeks_in/3weeks/the_cpu/StructConflictUnit.vhd \
      EN work/StructConflictUnit 0
FL C:/Xilinx_project/the_cpu/ALU.vhd 2017/11/27.14:25:42 P.20131013
FL C:/Xilinx_project/the_cpu/controller.vhd 2017/11/27.14:04:48 P.20131013
FL C:/Xilinx_project/the_cpu/cpu.vhd 2017/11/27.15:00:46 P.20131013
FL C:/Xilinx_project/the_cpu/imme_unit.vhd 2017/11/27.14:28:17 P.20131013
FL C:/Xilinx_project/the_cpu/Register.vhd 2017/11/27.14:49:39 P.20131013
