V3 128
FL C:/Users/nuonuo/Desktop/3weeks_in/3weeks/the_cpu/ALU.vhd 2017/11/27.14:25:42 P.20131013
EN work/ALU 1512059079 \
      FL C:/Users/nuonuo/Desktop/3weeks_in/3weeks/the_cpu/ALU.vhd \
      PB ieee/std_logic_1164 1381692176 PB ieee/STD_LOGIC_UNSIGNED 1381692179 \
      PB ieee/std_logic_arith 1381692177
AR work/ALU/Behavioral 1512059080 \
      FL C:/Users/nuonuo/Desktop/3weeks_in/3weeks/the_cpu/ALU.vhd EN work/ALU 1512059079
FL C:/Users/nuonuo/Desktop/3weeks_in/3weeks/the_cpu/ALUMuxA.vhd 2017/11/30.10:07:57 P.20131013
EN work/ALUMuxA 1512059039 \
      FL C:/Users/nuonuo/Desktop/3weeks_in/3weeks/the_cpu/ALUMuxA.vhd \
      PB ieee/std_logic_1164 1381692176
AR work/ALUMuxA/Behavioral 1512059040 \
      FL C:/Users/nuonuo/Desktop/3weeks_in/3weeks/the_cpu/ALUMuxA.vhd \
      EN work/ALUMuxA 1512059039
FL C:/Users/nuonuo/Desktop/3weeks_in/3weeks/the_cpu/ALUMuxB.vhd 2017/11/30.18:55:23 P.20131013
EN work/ALUMuxB 1512059041 \
      FL C:/Users/nuonuo/Desktop/3weeks_in/3weeks/the_cpu/ALUMuxB.vhd \
      PB ieee/std_logic_1164 1381692176
AR work/ALUMuxB/Behavioral 1512059042 \
      FL C:/Users/nuonuo/Desktop/3weeks_in/3weeks/the_cpu/ALUMuxB.vhd \
      EN work/ALUMuxB 1512059041
FL C:/Users/nuonuo/Desktop/3weeks_in/3weeks/the_cpu/clock.vhd 2017/12/01.00:23:28 P.20131013
EN work/clock 1512059085 \
      FL C:/Users/nuonuo/Desktop/3weeks_in/3weeks/the_cpu/clock.vhd \
      PB ieee/std_logic_1164 1381692176
AR work/clock/Behavioral 1512059086 \
      FL C:/Users/nuonuo/Desktop/3weeks_in/3weeks/the_cpu/clock.vhd EN work/clock 1512059085
FL C:/Users/nuonuo/Desktop/3weeks_in/3weeks/the_cpu/controller.vhd 2017/11/30.16:39:26 P.20131013
EN work/Controller 1512059073 \
      FL C:/Users/nuonuo/Desktop/3weeks_in/3weeks/the_cpu/controller.vhd \
      PB ieee/std_logic_1164 1381692176
AR work/Controller/Behavioral 1512059074 \
      FL C:/Users/nuonuo/Desktop/3weeks_in/3weeks/the_cpu/controller.vhd \
      EN work/Controller 1512059073
FL C:/Users/nuonuo/Desktop/3weeks_in/3weeks/the_cpu/cpu.vhd 2017/12/01.00:23:56 P.20131013
EN work/cpu 1512059087 \
      FL C:/Users/nuonuo/Desktop/3weeks_in/3weeks/the_cpu/cpu.vhd \
      PB ieee/std_logic_1164 1381692176
AR work/cpu/Behavioral 1512059088 \
      FL C:/Users/nuonuo/Desktop/3weeks_in/3weeks/the_cpu/cpu.vhd EN work/cpu 1512059087 \
      CP ALUMuxA CP ALUMuxB CP ExeMemRegisters CP Forwarding_unit \
      CP HazardDetectionUnit CP IdExeRegisters CP IfIdRegisters CP MFPCMux \
      CP MemWbRegisters CP MemWriteDataMux CP PCBrancherAdder CP PCIncrementer \
      CP PCMux CP PCRegister CP StructConflictUnit CP Memory_unit CP ReadDstMUX \
      CP Controller CP Registers CP imme_unit CP ALU CP ReadReg1MUX CP ReadReg2MUX \
      CP clock
FL C:/Users/nuonuo/Desktop/3weeks_in/3weeks/the_cpu/ExeMemRegisters.vhd 2017/11/30.23:46:17 P.20131013
EN work/ExeMemRegisters 1512059043 \
      FL C:/Users/nuonuo/Desktop/3weeks_in/3weeks/the_cpu/ExeMemRegisters.vhd \
      PB ieee/std_logic_1164 1381692176
AR work/ExeMemRegisters/Behavioral 1512059044 \
      FL C:/Users/nuonuo/Desktop/3weeks_in/3weeks/the_cpu/ExeMemRegisters.vhd \
      EN work/ExeMemRegisters 1512059043
FL C:/Users/nuonuo/Desktop/3weeks_in/3weeks/the_cpu/Forwarding_unit.vhd 2017/11/30.16:39:26 P.20131013
EN work/Forwarding_unit 1512059045 \
      FL C:/Users/nuonuo/Desktop/3weeks_in/3weeks/the_cpu/Forwarding_unit.vhd \
      PB ieee/std_logic_1164 1381692176
AR work/Forwarding_unit/Behavioral 1512059046 \
      FL C:/Users/nuonuo/Desktop/3weeks_in/3weeks/the_cpu/Forwarding_unit.vhd \
      EN work/Forwarding_unit 1512059045
FL C:/Users/nuonuo/Desktop/3weeks_in/3weeks/the_cpu/HazardDetectionUnit.vhd 2017/11/30.16:39:26 P.20131013
EN work/HazardDetectionUnit 1512059047 \
      FL C:/Users/nuonuo/Desktop/3weeks_in/3weeks/the_cpu/HazardDetectionUnit.vhd \
      PB ieee/std_logic_1164 1381692176
AR work/HazardDetectionUnit/Behavioral 1512059048 \
      FL C:/Users/nuonuo/Desktop/3weeks_in/3weeks/the_cpu/HazardDetectionUnit.vhd \
      EN work/HazardDetectionUnit 1512059047
FL C:/Users/nuonuo/Desktop/3weeks_in/3weeks/the_cpu/IdExeRegisters.vhd 2017/11/30.23:46:17 P.20131013
EN work/IdExeRegisters 1512059049 \
      FL C:/Users/nuonuo/Desktop/3weeks_in/3weeks/the_cpu/IdExeRegisters.vhd \
      PB ieee/std_logic_1164 1381692176
AR work/IdExeRegisters/Behavioral 1512059050 \
      FL C:/Users/nuonuo/Desktop/3weeks_in/3weeks/the_cpu/IdExeRegisters.vhd \
      EN work/IdExeRegisters 1512059049
FL C:/Users/nuonuo/Desktop/3weeks_in/3weeks/the_cpu/IfIdRegisters.vhd 2017/11/30.23:46:18 P.20131013
EN work/IfIdRegisters 1512059051 \
      FL C:/Users/nuonuo/Desktop/3weeks_in/3weeks/the_cpu/IfIdRegisters.vhd \
      PB ieee/std_logic_1164 1381692176
AR work/IfIdRegisters/Behavioral 1512059052 \
      FL C:/Users/nuonuo/Desktop/3weeks_in/3weeks/the_cpu/IfIdRegisters.vhd \
      EN work/IfIdRegisters 1512059051
FL C:/Users/nuonuo/Desktop/3weeks_in/3weeks/the_cpu/imme_unit.vhd 2017/11/30.18:55:23 P.20131013
EN work/imme_unit 1512059077 \
      FL C:/Users/nuonuo/Desktop/3weeks_in/3weeks/the_cpu/imme_unit.vhd \
      PB ieee/std_logic_1164 1381692176
AR work/imme_unit/Behavioral 1512059078 \
      FL C:/Users/nuonuo/Desktop/3weeks_in/3weeks/the_cpu/imme_unit.vhd \
      EN work/imme_unit 1512059077
FL C:/Users/nuonuo/Desktop/3weeks_in/3weeks/the_cpu/Memory_unit.vhd 2017/11/30.23:49:19 P.20131013
EN work/Memory_unit 1512059069 \
      FL C:/Users/nuonuo/Desktop/3weeks_in/3weeks/the_cpu/Memory_unit.vhd \
      PB ieee/std_logic_1164 1381692176 PB ieee/std_logic_arith 1381692177 \
      PB ieee/STD_LOGIC_UNSIGNED 1381692179
AR work/Memory_unit/Behavioral 1512059070 \
      FL C:/Users/nuonuo/Desktop/3weeks_in/3weeks/the_cpu/Memory_unit.vhd \
      EN work/Memory_unit 1512059069
FL C:/Users/nuonuo/Desktop/3weeks_in/3weeks/the_cpu/MemWbRegisters.vhd 2017/11/30.23:46:18 P.20131013
EN work/MemWbRegisters 1512059055 \
      FL C:/Users/nuonuo/Desktop/3weeks_in/3weeks/the_cpu/MemWbRegisters.vhd \
      PB ieee/std_logic_1164 1381692176
AR work/MemWbRegisters/Behavioral 1512059056 \
      FL C:/Users/nuonuo/Desktop/3weeks_in/3weeks/the_cpu/MemWbRegisters.vhd \
      EN work/MemWbRegisters 1512059055
FL C:/Users/nuonuo/Desktop/3weeks_in/3weeks/the_cpu/MemWriteDataMux.vhd 2017/11/30.10:07:57 P.20131013
EN work/MemWriteDataMux 1512059057 \
      FL C:/Users/nuonuo/Desktop/3weeks_in/3weeks/the_cpu/MemWriteDataMux.vhd \
      PB ieee/std_logic_1164 1381692176
AR work/MemWriteDataMux/Behavioral 1512059058 \
      FL C:/Users/nuonuo/Desktop/3weeks_in/3weeks/the_cpu/MemWriteDataMux.vhd \
      EN work/MemWriteDataMux 1512059057
FL C:/Users/nuonuo/Desktop/3weeks_in/3weeks/the_cpu/MFPCMux.vhd 2017/11/30.10:07:57 P.20131013
EN work/MFPCMux 1512059053 \
      FL C:/Users/nuonuo/Desktop/3weeks_in/3weeks/the_cpu/MFPCMux.vhd \
      PB ieee/std_logic_1164 1381692176
AR work/MFPCMux/Behavioral 1512059054 \
      FL C:/Users/nuonuo/Desktop/3weeks_in/3weeks/the_cpu/MFPCMux.vhd \
      EN work/MFPCMux 1512059053
FL C:/Users/nuonuo/Desktop/3weeks_in/3weeks/the_cpu/PCBrancherAdder.vhd 2017/11/30.16:39:26 P.20131013
EN work/PCBrancherAdder 1512059059 \
      FL C:/Users/nuonuo/Desktop/3weeks_in/3weeks/the_cpu/PCBrancherAdder.vhd \
      PB ieee/std_logic_1164 1381692176 PB ieee/STD_LOGIC_UNSIGNED 1381692179
AR work/PCBrancherAdder/Behavioral 1512059060 \
      FL C:/Users/nuonuo/Desktop/3weeks_in/3weeks/the_cpu/PCBrancherAdder.vhd \
      EN work/PCBrancherAdder 1512059059
FL C:/Users/nuonuo/Desktop/3weeks_in/3weeks/the_cpu/PCIncrementer.vhd 2017/11/30.16:39:26 P.20131013
EN work/PCIncrementer 1512059061 \
      FL C:/Users/nuonuo/Desktop/3weeks_in/3weeks/the_cpu/PCIncrementer.vhd \
      PB ieee/std_logic_1164 1381692176 PB ieee/STD_LOGIC_UNSIGNED 1381692179
AR work/PCIncrementer/Behavioral 1512059062 \
      FL C:/Users/nuonuo/Desktop/3weeks_in/3weeks/the_cpu/PCIncrementer.vhd \
      EN work/PCIncrementer 1512059061
FL C:/Users/nuonuo/Desktop/3weeks_in/3weeks/the_cpu/PCMux.vhd 2017/11/30.16:39:26 P.20131013
EN work/PCMux 1512059063 \
      FL C:/Users/nuonuo/Desktop/3weeks_in/3weeks/the_cpu/PCMux.vhd \
      PB ieee/std_logic_1164 1381692176 PB ieee/STD_LOGIC_UNSIGNED 1381692179
AR work/PCMux/Behavioral 1512059064 \
      FL C:/Users/nuonuo/Desktop/3weeks_in/3weeks/the_cpu/PCMux.vhd EN work/PCMux 1512059063
FL C:/Users/nuonuo/Desktop/3weeks_in/3weeks/the_cpu/PCRegister.vhd 2017/11/30.23:46:18 P.20131013
EN work/PCRegister 1512059065 \
      FL C:/Users/nuonuo/Desktop/3weeks_in/3weeks/the_cpu/PCRegister.vhd \
      PB ieee/std_logic_1164 1381692176
AR work/PCRegister/Behavioral 1512059066 \
      FL C:/Users/nuonuo/Desktop/3weeks_in/3weeks/the_cpu/PCRegister.vhd \
      EN work/PCRegister 1512059065
FL C:/Users/nuonuo/Desktop/3weeks_in/3weeks/the_cpu/ReadDstMUX.vhd 2017/11/29.20:13:57 P.20131013
EN work/ReadDstMUX 1512059071 \
      FL C:/Users/nuonuo/Desktop/3weeks_in/3weeks/the_cpu/ReadDstMUX.vhd \
      PB ieee/std_logic_1164 1381692176
AR work/ReadDstMUX/Behavioral 1512059072 \
      FL C:/Users/nuonuo/Desktop/3weeks_in/3weeks/the_cpu/ReadDstMUX.vhd \
      EN work/ReadDstMUX 1512059071
FL C:/Users/nuonuo/Desktop/3weeks_in/3weeks/the_cpu/ReadReg1MUX.vhd 2017/11/27.16:57:17 P.20131013
EN work/ReadReg1MUX 1512059081 \
      FL C:/Users/nuonuo/Desktop/3weeks_in/3weeks/the_cpu/ReadReg1MUX.vhd \
      PB ieee/std_logic_1164 1381692176
AR work/ReadReg1MUX/Behavioral 1512059082 \
      FL C:/Users/nuonuo/Desktop/3weeks_in/3weeks/the_cpu/ReadReg1MUX.vhd \
      EN work/ReadReg1MUX 1512059081
FL C:/Users/nuonuo/Desktop/3weeks_in/3weeks/the_cpu/ReadReg2MUX.vhd 2017/11/30.10:07:58 P.20131013
EN work/ReadReg2MUX 1512059083 \
      FL C:/Users/nuonuo/Desktop/3weeks_in/3weeks/the_cpu/ReadReg2MUX.vhd \
      PB ieee/std_logic_1164 1381692176
AR work/ReadReg2MUX/Behavioral 1512059084 \
      FL C:/Users/nuonuo/Desktop/3weeks_in/3weeks/the_cpu/ReadReg2MUX.vhd \
      EN work/ReadReg2MUX 1512059083
FL C:/Users/nuonuo/Desktop/3weeks_in/3weeks/the_cpu/Register.vhd 2017/11/30.23:46:18 P.20131013
EN work/Registers 1512059075 \
      FL C:/Users/nuonuo/Desktop/3weeks_in/3weeks/the_cpu/Register.vhd \
      PB ieee/std_logic_1164 1381692176
AR work/Registers/Behavioral 1512059076 \
      FL C:/Users/nuonuo/Desktop/3weeks_in/3weeks/the_cpu/Register.vhd \
      EN work/Registers 1512059075
FL C:/Users/nuonuo/Desktop/3weeks_in/3weeks/the_cpu/StructConflictUnit.vhd 2017/11/30.16:39:26 P.20131013
EN work/StructConflictUnit 1512059067 \
      FL C:/Users/nuonuo/Desktop/3weeks_in/3weeks/the_cpu/StructConflictUnit.vhd \
      PB ieee/std_logic_1164 1381692176
AR work/StructConflictUnit/Behavioral 1512059068 \
      FL C:/Users/nuonuo/Desktop/3weeks_in/3weeks/the_cpu/StructConflictUnit.vhd \
      EN work/StructConflictUnit 1512059067
FL C:/Users/thinkpad/Desktop/5days/the_cpu/ALU.vhd 2017/11/30.19:50:51 P.20131013
FL C:/Users/thinkpad/Desktop/5days/the_cpu/ALUMuxA.vhd 2017/11/30.16:32:28 P.20131013
FL C:/Users/thinkpad/Desktop/5days/the_cpu/ALUMuxB.vhd 2017/11/30.19:16:12 P.20131013
FL C:/Users/thinkpad/Desktop/5days/the_cpu/controller.vhd 2017/11/30.16:55:25 P.20131013
FL C:/Users/thinkpad/Desktop/5days/the_cpu/cpu.vhd 2017/11/30.19:21:28 P.20131013
FL C:/Users/thinkpad/Desktop/5days/the_cpu/ExeMemRegisters.vhd 2017/11/30.19:30:27 P.20131013
FL C:/Users/thinkpad/Desktop/5days/the_cpu/Forwarding_unit.vhd 2017/11/30.17:14:15 P.20131013
FL C:/Users/thinkpad/Desktop/5days/the_cpu/HazardDetectionUnit.vhd 2017/11/30.17:14:44 P.20131013
FL C:/Users/thinkpad/Desktop/5days/the_cpu/IdExeRegisters.vhd 2017/11/30.19:29:59 P.20131013
FL C:/Users/thinkpad/Desktop/5days/the_cpu/IfIdRegisters.vhd 2017/11/30.19:28:19 P.20131013
FL C:/Users/thinkpad/Desktop/5days/the_cpu/imme_unit.vhd 2017/11/30.19:39:39 P.20131013
FL C:/Users/thinkpad/Desktop/5days/the_cpu/Memory_unit.vhd 2017/11/30.16:38:08 P.20131013
FL C:/Users/thinkpad/Desktop/5days/the_cpu/MemWbRegisters.vhd 2017/11/30.19:30:55 P.20131013
FL C:/Users/thinkpad/Desktop/5days/the_cpu/MemWriteDataMux.vhd 2017/11/30.16:32:28 P.20131013
FL C:/Users/thinkpad/Desktop/5days/the_cpu/MFPCMux.vhd 2017/11/30.16:32:28 P.20131013
FL C:/Users/thinkpad/Desktop/5days/the_cpu/PCBrancherAdder.vhd 2017/11/30.17:20:08 P.20131013
FL C:/Users/thinkpad/Desktop/5days/the_cpu/PCIncrementer.vhd 2017/11/30.17:20:41 P.20131013
FL C:/Users/thinkpad/Desktop/5days/the_cpu/PCMux.vhd 2017/11/30.17:21:17 P.20131013
FL C:/Users/thinkpad/Desktop/5days/the_cpu/PCRegister.vhd 2017/11/30.16:32:28 P.20131013
FL C:/Users/thinkpad/Desktop/5days/the_cpu/ReadDstMUX.vhd 2017/11/30.16:32:28 P.20131013
FL C:/Users/thinkpad/Desktop/5days/the_cpu/ReadReg1MUX.vhd 2017/11/30.19:12:34 P.20131013
FL C:/Users/thinkpad/Desktop/5days/the_cpu/ReadReg2MUX.vhd 2017/11/30.16:32:28 P.20131013
FL C:/Users/thinkpad/Desktop/5days/the_cpu/Register.vhd 2017/11/30.19:35:27 P.20131013
FL C:/Users/thinkpad/Desktop/5days/the_cpu/StructConflictUnit.vhd 2017/11/30.17:21:57 P.20131013
FL C:/Xilinx_project/the_cpu/ALU.vhd 2017/11/27.14:25:42 P.20131013
FL C:/Xilinx_project/the_cpu/controller.vhd 2017/11/27.14:04:48 P.20131013
FL C:/Xilinx_project/the_cpu/cpu.vhd 2017/11/27.15:00:46 P.20131013
FL C:/Xilinx_project/the_cpu/imme_unit.vhd 2017/11/27.14:28:17 P.20131013
FL C:/Xilinx_project/the_cpu/Register.vhd 2017/11/27.14:49:39 P.20131013
